ReferenceError: 'undefined_reference_error_maker' is undefined
   at Anonymous function (*test*message*timeout_throw.js:*:*)
   at ontimeout (timers.js:*:*)
   at tryOnTimeout (timers.js:*:*)
   at listOnTimeout (timers.js:*:*)
